// Jest Snapshot v1, https://goo.gl/fbAQLP

exports[`@startupjs/babel-plugin-startupjs Doesn't touch grep imports: Doesn't touch grep imports 1`] = `

import * as UI from '@startupjs/ui'

      â†“ â†“ â†“ â†“ â†“ â†“

import * as UI from "@startupjs/ui";


`;

exports[`@startupjs/babel-plugin-startupjs Ignores imports of other libs: Ignores imports of other libs 1`] = `

import { observer } from 'startupjs'
import App from 'startupjs/app'

      â†“ â†“ â†“ â†“ â†“ â†“

import { observer } from "startupjs";
import App from "startupjs/app";


`;

exports[`@startupjs/babel-plugin-startupjs Throws when unknown component found in export: Throws when unknown component found in export 1`] = `

export { Button, UnknownComponent } from '@startupjs/ui'

      â†“ â†“ â†“ â†“ â†“ â†“

SyntaxError: unknown file: Named export "UnknownComponent" does not exist in "@startupjs/ui" "exports" field in package.json
[0m[31m[1m>[22m[39m[90m 1 |[39m [36mexport[39m { [33mButton[39m[33m,[39m [33mUnknownComponent[39m } [36mfrom[39m [32m'@startupjs/ui'[39m[0m
[0m [90m   |[39m                  [31m[1m^[22m[39m[31m[1m^[22m[39m[31m[1m^[22m[39m[31m[1m^[22m[39m[31m[1m^[22m[39m[31m[1m^[22m[39m[31m[1m^[22m[39m[31m[1m^[22m[39m[31m[1m^[22m[39m[31m[1m^[22m[39m[31m[1m^[22m[39m[31m[1m^[22m[39m[31m[1m^[22m[39m[31m[1m^[22m[39m[31m[1m^[22m[39m[31m[1m^[22m[39m[0m

`;

exports[`@startupjs/babel-plugin-startupjs Throws when unknown component found in import: Throws when unknown component found in import 1`] = `

import { Button, UnknownComponent } from '@startupjs/ui'

      â†“ â†“ â†“ â†“ â†“ â†“

SyntaxError: unknown file: Named export "UnknownComponent" does not exist in "@startupjs/ui" "exports" field in package.json
[0m[31m[1m>[22m[39m[90m 1 |[39m [36mimport[39m { [33mButton[39m[33m,[39m [33mUnknownComponent[39m } [36mfrom[39m [32m'@startupjs/ui'[39m[0m
[0m [90m   |[39m                  [31m[1m^[22m[39m[31m[1m^[22m[39m[31m[1m^[22m[39m[31m[1m^[22m[39m[31m[1m^[22m[39m[31m[1m^[22m[39m[31m[1m^[22m[39m[31m[1m^[22m[39m[31m[1m^[22m[39m[31m[1m^[22m[39m[31m[1m^[22m[39m[31m[1m^[22m[39m[31m[1m^[22m[39m[31m[1m^[22m[39m[31m[1m^[22m[39m[31m[1m^[22m[39m[0m

`;

exports[`@startupjs/babel-plugin-startupjs Transforms export: Transforms export 1`] = `

export { observer } from 'startupjs'
export { Button, Span, TextInput } from '@startupjs/ui'

      â†“ â†“ â†“ â†“ â†“ â†“

export { observer } from "startupjs";
export { default as Button } from "@startupjs/ui/Button";
export { default as Span } from "@startupjs/ui/Span";
export { default as TextInput } from "@startupjs/ui/TextInput";


`;

exports[`@startupjs/babel-plugin-startupjs Transforms known import from moduleMap.json: Transforms known import from moduleMap.json 1`] = `

import { Button } from '@startupjs/ui'

      â†“ â†“ â†“ â†“ â†“ â†“

import Button from "@startupjs/ui/Button";


`;

exports[`@startupjs/babel-plugin-startupjs Transforms multiple imports: Transforms multiple imports 1`] = `

import { Button, Span, TextInput, Collapse } from '@startupjs/ui'

      â†“ â†“ â†“ â†“ â†“ â†“

import Button from "@startupjs/ui/Button";
import Span from "@startupjs/ui/Span";
import TextInput from "@startupjs/ui/TextInput";
import Collapse from "@startupjs/ui/Collapse";


`;
